// Jest Snapshot v1, https://goo.gl/fbAQLP

exports[`render correctly 1`] = `
<p
  className="App-intro"
>
  To get started, edit  
  <code>
    src/App.js
  </code>
    and save to reload.
</p>
`;
